PH aes_pkg NULL /root/IC-Menotti/ISE_Projects/2-aes_128_192_256-Not_FPGA_proven/aes_pkg.vhdl sub00/vhpl00 1453152607
EN aes_dec NULL /root/IC-Menotti/ISE_Projects/2-aes_128_192_256-Not_FPGA_proven/aes_dec.vhdl sub00/vhpl06 1453152611
EN aes_enc NULL /root/IC-Menotti/ISE_Projects/2-aes_128_192_256-Not_FPGA_proven/aes_enc.vhdl sub00/vhpl04 1453152545
PB aes_pkg aes_pkg /root/IC-Menotti/ISE_Projects/2-aes_128_192_256-Not_FPGA_proven/aes_pkg.vhdl sub00/vhpl01 1453152608
EN key_expansion NULL /root/IC-Menotti/ISE_Projects/2-aes_128_192_256-Not_FPGA_proven/key_expansion.vhdl sub00/vhpl02 1453152609
AR key_expansion behavioral /root/IC-Menotti/ISE_Projects/2-aes_128_192_256-Not_FPGA_proven/key_expansion.vhdl sub00/vhpl03 1453152610
AR aes_dec behavioral /root/IC-Menotti/ISE_Projects/2-aes_128_192_256-Not_FPGA_proven/aes_dec.vhdl sub00/vhpl07 1453152612
AR aes_enc behavioral /root/IC-Menotti/ISE_Projects/2-aes_128_192_256-Not_FPGA_proven/aes_enc.vhdl sub00/vhpl05 1453152546
