V3 14
FL /root/IC-Menotti/ISE_Projects/2-aes_128_192_256-Not_FPGA_proven/aes_dec.vhdl 2016/01/18.19:22:59 K.39
EN work/aes_dec 1453152611 \
      FL /root/IC-Menotti/ISE_Projects/2-aes_128_192_256-Not_FPGA_proven/aes_dec.vhdl \
      PB ieee/std_logic_1164 1217055545 PB ieee/std_logic_arith 1217055546 \
      PB ieee/STD_LOGIC_UNSIGNED 1217055547 PB work/aes_pkg 1453152608
AR work/aes_dec/Behavioral 1453152612 \
      FL /root/IC-Menotti/ISE_Projects/2-aes_128_192_256-Not_FPGA_proven/aes_dec.vhdl \
      EN work/aes_dec 1453152611 CP key_expansion
FL /root/IC-Menotti/ISE_Projects/2-aes_128_192_256-Not_FPGA_proven/aes_enc.vhdl 2016/01/18.19:22:59 K.39
EN work/aes_enc 1453152545 \
      FL /root/IC-Menotti/ISE_Projects/2-aes_128_192_256-Not_FPGA_proven/aes_enc.vhdl \
      PB ieee/std_logic_1164 1217055545 PB ieee/std_logic_arith 1217055546 \
      PB ieee/STD_LOGIC_UNSIGNED 1217055547 PB work/aes_pkg 1453152608
AR work/aes_enc/Behavioral 1453152546 \
      FL /root/IC-Menotti/ISE_Projects/2-aes_128_192_256-Not_FPGA_proven/aes_enc.vhdl \
      EN work/aes_enc 1453152545 CP key_expansion
FL /root/IC-Menotti/ISE_Projects/2-aes_128_192_256-Not_FPGA_proven/aes_pkg.vhdl 2016/01/18.19:22:59 K.39
PH work/aes_pkg 1453152607 \
      FL /root/IC-Menotti/ISE_Projects/2-aes_128_192_256-Not_FPGA_proven/aes_pkg.vhdl \
      PB ieee/std_logic_1164 1217055545 CD key_expansion
PB work/aes_pkg 1453152608 \
      FL /root/IC-Menotti/ISE_Projects/2-aes_128_192_256-Not_FPGA_proven/aes_pkg.vhdl \
      PH work/aes_pkg 1453152607
FL /root/IC-Menotti/ISE_Projects/2-aes_128_192_256-Not_FPGA_proven/key_expansion.vhdl 2016/01/18.19:22:59 K.39
EN work/key_expansion 1453152609 \
      FL /root/IC-Menotti/ISE_Projects/2-aes_128_192_256-Not_FPGA_proven/key_expansion.vhdl \
      PB ieee/std_logic_1164 1217055545 PB ieee/std_logic_arith 1217055546 \
      PB ieee/STD_LOGIC_UNSIGNED 1217055547 PB work/aes_pkg 1453152608
AR work/key_expansion/Behavioral 1453152610 \
      FL /root/IC-Menotti/ISE_Projects/2-aes_128_192_256-Not_FPGA_proven/key_expansion.vhdl \
      EN work/key_expansion 1453152609
