MO SubBytes NULL SubBytes.v vlg75/_sub_bytes.bin 1453161771
MO AddRoundKey NULL AddRoundKey.v vlg42/_add_round_key.bin 1453161771
MO ShiftRows NULL ShiftRows.v vlg65/_shift_rows.bin 1453161771
MO RoundKeyGen NULL RoundKeyGen.v vlg43/_round_key_gen.bin 1453161771
MO Top_PipelinedCipher NULL Top_PipelinedCipher.v vlg57/_top___pipelined_cipher.bin 1453161771
MO SBox NULL SBox.v vlg1C/_s_box.bin 1453161771
MO KeyExpantion NULL KeyExpantion.v vlg07/_key_expantion.bin 1453161771
MO MixColumns NULL MixColumns.v vlg23/_mix_columns.bin 1453161771
MO Round NULL Round.v vlg5C/_round.bin 1453161771
