PB aes_package aes_package /root/IC-Menotti/ISE_Projects/4-aes_crypto_core-Not_FPGA_proven/aes_package.vhd sub00/vhpl01 1453162208
AR key_expander expansion /root/IC-Menotti/ISE_Projects/4-aes_crypto_core-Not_FPGA_proven/key_expander.vhd sub00/vhpl03 1453162210
AR aes128_fast mapping /root/IC-Menotti/ISE_Projects/4-aes_crypto_core-Not_FPGA_proven/aes128_fast.vhd sub00/vhpl05 1453162212
EN key_expander NULL /root/IC-Menotti/ISE_Projects/4-aes_crypto_core-Not_FPGA_proven/key_expander.vhd sub00/vhpl02 1453162209
PH aes_package NULL /root/IC-Menotti/ISE_Projects/4-aes_crypto_core-Not_FPGA_proven/aes_package.vhd sub00/vhpl00 1453162207
EN aes128_fast NULL /root/IC-Menotti/ISE_Projects/4-aes_crypto_core-Not_FPGA_proven/aes128_fast.vhd sub00/vhpl04 1453162211
