V3 10
FL /root/IC-Menotti/ISE_Projects/4-aes_crypto_core-Not_FPGA_proven/aes128_fast.vhd 2016/01/18.19:22:59 K.39
EN work/aes128_fast 1453162211 \
      FL /root/IC-Menotti/ISE_Projects/4-aes_crypto_core-Not_FPGA_proven/aes128_fast.vhd \
      PB ieee/std_logic_1164 1217055545 PB ieee/STD_LOGIC_UNSIGNED 1217055547 \
      PB work/aes_package 1453162208
AR work/aes128_fast/mapping 1453162212 \
      FL /root/IC-Menotti/ISE_Projects/4-aes_crypto_core-Not_FPGA_proven/aes128_fast.vhd \
      EN work/aes128_fast 1453162211 CP key_expander
FL /root/IC-Menotti/ISE_Projects/4-aes_crypto_core-Not_FPGA_proven/aes_package.vhd 2016/01/18.19:22:59 K.39
PH work/aes_package 1453162207 \
      FL /root/IC-Menotti/ISE_Projects/4-aes_crypto_core-Not_FPGA_proven/aes_package.vhd \
      PB ieee/std_logic_1164 1217055545 PB ieee/STD_LOGIC_UNSIGNED 1217055547
PB work/aes_package 1453162208 \
      FL /root/IC-Menotti/ISE_Projects/4-aes_crypto_core-Not_FPGA_proven/aes_package.vhd \
      PH work/aes_package 1453162207
FL /root/IC-Menotti/ISE_Projects/4-aes_crypto_core-Not_FPGA_proven/key_expander.vhd 2016/01/18.19:22:59 K.39
EN work/key_expander 1453162209 \
      FL /root/IC-Menotti/ISE_Projects/4-aes_crypto_core-Not_FPGA_proven/key_expander.vhd \
      PB ieee/std_logic_1164 1217055545 PB ieee/STD_LOGIC_UNSIGNED 1217055547 \
      PB work/aes_package 1453162208
AR work/key_expander/expansion 1453162210 \
      FL /root/IC-Menotti/ISE_Projects/4-aes_crypto_core-Not_FPGA_proven/key_expander.vhd \
      EN work/key_expander 1453162209
