MO aes_128 NULL aes_128.v vlg73/aes__128.bin 1453153183
MO S4 NULL "../../AES Cores/1-tiny_aes/trunk/rtl/table.v" vlg53/_s4.bin 1453153183
MO S NULL "../../AES Cores/1-tiny_aes/trunk/rtl/table.v" vlg53/_s.bin 1453153183
MO T NULL "../../AES Cores/1-tiny_aes/trunk/rtl/table.v" vlg54/_t.bin 1453153183
MO xS NULL "../../AES Cores/1-tiny_aes/trunk/rtl/table.v" vlg2B/x_s.bin 1453153183
MO table_lookup NULL "../../AES Cores/1-tiny_aes/trunk/rtl/table.v" vlg65/table__lookup.bin 1453153183
MO final_round NULL "../../AES Cores/1-tiny_aes/trunk/rtl/round.v" vlg51/final__round.bin 1453153183
MO one_round NULL "../../AES Cores/1-tiny_aes/trunk/rtl/round.v" vlg19/one__round.bin 1453153183
MO expand_key_128 NULL aes_128.v vlg3A/expand__key__128.bin 1453153183
