AR aes_fsm_enc behavioral /root/IC-Menotti/ISE_Projects/6-threeacompactaes-Not_FPGA_proven/aes_fsm_enc.vhd sub00/vhpl07 1453163524
PB aes_lib aes_lib /root/IC-Menotti/ISE_Projects/6-threeacompactaes-Not_FPGA_proven/aes_lib.vhd sub00/vhpl01 1453163518
PH aes_lib NULL /root/IC-Menotti/ISE_Projects/6-threeacompactaes-Not_FPGA_proven/aes_lib.vhd sub00/vhpl00 1453163517
EN dual_mem NULL /root/IC-Menotti/ISE_Projects/6-threeacompactaes-Not_FPGA_proven/dual_mem.vhd sub00/vhpl02 1453163519
EN aes_fsm_enc NULL /root/IC-Menotti/ISE_Projects/6-threeacompactaes-Not_FPGA_proven/aes_fsm_enc.vhd sub00/vhpl06 1453163523
EN aes_enc NULL /root/IC-Menotti/ISE_Projects/6-threeacompactaes-Not_FPGA_proven/aes_enc.vhd sub00/vhpl04 1453163521
AR dual_mem rtl /root/IC-Menotti/ISE_Projects/6-threeacompactaes-Not_FPGA_proven/dual_mem.vhd sub00/vhpl03 1453163520
AR aes_enc behavioral /root/IC-Menotti/ISE_Projects/6-threeacompactaes-Not_FPGA_proven/aes_enc.vhd sub00/vhpl05 1453163522
