V3 12
FL /root/IC-Menotti/ISE_Projects/6-threeacompactaes-Not_FPGA_proven/aes_enc.vhd 2016/01/18.19:22:59 K.39
EN work/aes_enc 1453163521 \
      FL /root/IC-Menotti/ISE_Projects/6-threeacompactaes-Not_FPGA_proven/aes_enc.vhd \
      PB ieee/std_logic_1164 1217055545 PB ieee/std_logic_arith 1217055546 \
      PB ieee/STD_LOGIC_UNSIGNED 1217055547 PB work/aes_lib 1453163518
AR work/aes_enc/Behavioral 1453163522 \
      FL /root/IC-Menotti/ISE_Projects/6-threeacompactaes-Not_FPGA_proven/aes_enc.vhd \
      EN work/aes_enc 1453163521 AR work/dual_mem/rtl 1453163520
FL /root/IC-Menotti/ISE_Projects/6-threeacompactaes-Not_FPGA_proven/aes_fsm_enc.vhd 2016/01/18.19:22:59 K.39
EN work/aes_fsm_enc 1453163523 \
      FL /root/IC-Menotti/ISE_Projects/6-threeacompactaes-Not_FPGA_proven/aes_fsm_enc.vhd \
      PB ieee/std_logic_1164 1217055545 PB ieee/std_logic_arith 1217055546 \
      PB ieee/STD_LOGIC_UNSIGNED 1217055547 PH ieee/NUMERIC_STD 1217055545 \
      PB work/aes_lib 1453163518
AR work/aes_fsm_enc/Behavioral 1453163524 \
      FL /root/IC-Menotti/ISE_Projects/6-threeacompactaes-Not_FPGA_proven/aes_fsm_enc.vhd \
      EN work/aes_fsm_enc 1453163523 AR work/aes_enc/Behavioral 1453163522 \
      AR work/dual_mem/rtl 1453163520
FL /root/IC-Menotti/ISE_Projects/6-threeacompactaes-Not_FPGA_proven/aes_lib.vhd 2016/01/18.19:22:59 K.39
PH work/aes_lib 1453163517 \
      FL /root/IC-Menotti/ISE_Projects/6-threeacompactaes-Not_FPGA_proven/aes_lib.vhd \
      PB ieee/std_logic_1164 1217055545 PB ieee/std_logic_arith 1217055546 \
      PB ieee/STD_LOGIC_UNSIGNED 1217055547
PB work/aes_lib 1453163518 \
      FL /root/IC-Menotti/ISE_Projects/6-threeacompactaes-Not_FPGA_proven/aes_lib.vhd \
      PH work/aes_lib 1453163517
FL /root/IC-Menotti/ISE_Projects/6-threeacompactaes-Not_FPGA_proven/dual_mem.vhd 2016/01/18.19:22:59 K.39
EN work/dual_mem 1453163519 \
      FL /root/IC-Menotti/ISE_Projects/6-threeacompactaes-Not_FPGA_proven/dual_mem.vhd \
      PB ieee/std_logic_1164 1217055545 PB ieee/STD_LOGIC_UNSIGNED 1217055547
AR work/dual_mem/rtl 1453163520 \
      FL /root/IC-Menotti/ISE_Projects/6-threeacompactaes-Not_FPGA_proven/dual_mem.vhd \
      EN work/dual_mem 1453163519
